###############################################################################
#
# IAR ELF Linker V8.20.2.14835/W32 for ARM                13/Mar/2018  12:44:01
# Copyright 2007-2017 IAR Systems AB.
#
#    Output file  =  
#        C:\Users\gunho\Desktop\Motor_Followerl_with_Encoder\EWARM\Motor_Followerl_with_Encoder\Exe\Motor_Followerl_with_Encoder.out
#    Map file     =  
#        C:\Users\gunho\Desktop\Motor_Followerl_with_Encoder\EWARM\Motor_Followerl_with_Encoder\List\Motor_Followerl_with_Encoder.map
#    Command line =  
#        -f C:\Users\gunho\AppData\Local\Temp\EW954C.tmp
#        (C:\Users\gunho\Desktop\Motor_Followerl_with_Encoder\EWARM\Motor_Followerl_with_Encoder\Obj\main.o
#        C:\Users\gunho\Desktop\Motor_Followerl_with_Encoder\EWARM\Motor_Followerl_with_Encoder\Obj\startup_stm32f407xx.o
#        C:\Users\gunho\Desktop\Motor_Followerl_with_Encoder\EWARM\Motor_Followerl_with_Encoder\Obj\stm32f4xx_hal.o
#        C:\Users\gunho\Desktop\Motor_Followerl_with_Encoder\EWARM\Motor_Followerl_with_Encoder\Obj\stm32f4xx_hal_cortex.o
#        C:\Users\gunho\Desktop\Motor_Followerl_with_Encoder\EWARM\Motor_Followerl_with_Encoder\Obj\stm32f4xx_hal_dma.o
#        C:\Users\gunho\Desktop\Motor_Followerl_with_Encoder\EWARM\Motor_Followerl_with_Encoder\Obj\stm32f4xx_hal_dma_ex.o
#        C:\Users\gunho\Desktop\Motor_Followerl_with_Encoder\EWARM\Motor_Followerl_with_Encoder\Obj\stm32f4xx_hal_flash.o
#        C:\Users\gunho\Desktop\Motor_Followerl_with_Encoder\EWARM\Motor_Followerl_with_Encoder\Obj\stm32f4xx_hal_flash_ex.o
#        C:\Users\gunho\Desktop\Motor_Followerl_with_Encoder\EWARM\Motor_Followerl_with_Encoder\Obj\stm32f4xx_hal_flash_ramfunc.o
#        C:\Users\gunho\Desktop\Motor_Followerl_with_Encoder\EWARM\Motor_Followerl_with_Encoder\Obj\stm32f4xx_hal_gpio.o
#        C:\Users\gunho\Desktop\Motor_Followerl_with_Encoder\EWARM\Motor_Followerl_with_Encoder\Obj\stm32f4xx_hal_msp.o
#        C:\Users\gunho\Desktop\Motor_Followerl_with_Encoder\EWARM\Motor_Followerl_with_Encoder\Obj\stm32f4xx_hal_pwr.o
#        C:\Users\gunho\Desktop\Motor_Followerl_with_Encoder\EWARM\Motor_Followerl_with_Encoder\Obj\stm32f4xx_hal_pwr_ex.o
#        C:\Users\gunho\Desktop\Motor_Followerl_with_Encoder\EWARM\Motor_Followerl_with_Encoder\Obj\stm32f4xx_hal_rcc.o
#        C:\Users\gunho\Desktop\Motor_Followerl_with_Encoder\EWARM\Motor_Followerl_with_Encoder\Obj\stm32f4xx_hal_rcc_ex.o
#        C:\Users\gunho\Desktop\Motor_Followerl_with_Encoder\EWARM\Motor_Followerl_with_Encoder\Obj\stm32f4xx_hal_tim.o
#        C:\Users\gunho\Desktop\Motor_Followerl_with_Encoder\EWARM\Motor_Followerl_with_Encoder\Obj\stm32f4xx_hal_tim_ex.o
#        C:\Users\gunho\Desktop\Motor_Followerl_with_Encoder\EWARM\Motor_Followerl_with_Encoder\Obj\stm32f4xx_it.o
#        C:\Users\gunho\Desktop\Motor_Followerl_with_Encoder\EWARM\Motor_Followerl_with_Encoder\Obj\system_stm32f4xx.o
#        --redirect _Printf=_PrintfFull --redirect _Scanf=_ScanfFull -o
#        C:\Users\gunho\Desktop\Motor_Followerl_with_Encoder\EWARM\Motor_Followerl_with_Encoder\Exe\Motor_Followerl_with_Encoder.out
#        --map
#        C:\Users\gunho\Desktop\Motor_Followerl_with_Encoder\EWARM\Motor_Followerl_with_Encoder\List\Motor_Followerl_with_Encoder.map
#        --config
#        C:\Users\gunho\Desktop\Motor_Followerl_with_Encoder\EWARM/stm32f407xx_flash.icf
#        --semihosting --entry __iar_program_start --vfe --text_out locale)
#
###############################################################################

*******************************************************************************
*** RUNTIME MODEL ATTRIBUTES
***

CppFlavor       = *
__SystemLibrary = DLib
__dlib_version  = 6


*******************************************************************************
*** HEAP SELECTION
***

The basic heap was selected because no calls to memory allocation
functions were found in the application outside of system library
functions, and there are calls to deallocation functions in the
application.


*******************************************************************************
*** PLACEMENT SUMMARY
***

"A0":  place at 0x08000000 { ro section .intvec };
"P1":  place in [from 0x08000000 to 0x080fffff] { ro };
define block CSTACK with size = 1K, alignment = 8 { };
define block HEAP with size = 512, alignment = 8 { };
"P2":  place in [from 0x20000000 to 0x2001ffff] {
          rw, block CSTACK, block HEAP };
initialize by copy { rw };

  Section            Kind        Address    Size  Object
  -------            ----        -------    ----  ------
"A0":                                      0x188
  .intvec            ro code  0x08000000   0x188  startup_stm32f407xx.o [1]
                            - 0x08000188   0x188

"P1":                                     0x1d0e
  .text              ro code  0x08000188   0x7ce  stm32f4xx_hal_tim.o [1]
  .text              ro code  0x08000958    0xd0  stm32f4xx_hal_msp.o [1]
  .text              ro code  0x08000a28     0x2  stm32f4xx_hal_tim.o [1]
  .text              ro code  0x08000a2a     0x2  stm32f4xx_hal_tim.o [1]
  .text              ro code  0x08000a2c     0x2  stm32f4xx_hal_tim.o [1]
  .text              ro code  0x08000a2e     0x2  stm32f4xx_hal_tim.o [1]
  .text              ro code  0x08000a30     0x2  stm32f4xx_hal_tim.o [1]
  .text              ro code  0x08000a32     0x2  stm32f4xx_hal_tim_ex.o [1]
  .text              ro code  0x08000a34     0x2  stm32f4xx_hal_tim.o [1]
  .text              ro code  0x08000a36     0x2  stm32f4xx_hal_tim_ex.o [1]
  .text              ro code  0x08000a38   0x152  stm32f4xx_hal_cortex.o [1]
  .text              ro code  0x08000b8c   0x26e  stm32f4xx_hal_gpio.o [1]
  .text              ro code  0x08000dfc   0x41e  main.o [1]
  .text              ro code  0x0800121c    0x40  stm32f4xx_hal.o [1]
  .text              ro code  0x0800125c   0x38c  stm32f4xx_hal_rcc.o [1]
  .text              ro code  0x080015e8   0x1ec  stm32f4xx_hal_rcc.o [1]
  .text              ro code  0x080017d4    0x28  stm32f4xx_hal.o [1]
  .text              ro code  0x080017fc     0xc  stm32f4xx_hal.o [1]
  .text              ro code  0x08001808   0x22e  I64DivMod.o [5]
  .text              ro code  0x08001a38     0x2  I64DivZer.o [5]
  .text              ro code  0x08001a3c   0x138  stm32f4xx_it.o [1]
  .text              ro code  0x08001b74    0x10  stm32f4xx_hal.o [1]
  .text              ro code  0x08001b84    0x6c  system_stm32f4xx.o [1]
  .rodata            const    0x08001bf0    0x40  main.o [1]
  .text              ro code  0x08001c30    0x38  packbits_init_single.o [5]
  .text              ro code  0x08001c68    0x28  data_init.o [5]
  .text              ro code  0x08001c90    0x22  fpinit_M.o [4]
  .iar.init_table    const    0x08001cb4    0x10  - Linker created -
  .text              ro code  0x08001cc4    0x1e  cmain.o [5]
  .text              ro code  0x08001ce2     0x4  low_level_init.o [3]
  .text              ro code  0x08001ce6     0x4  exit.o [3]
  .text              ro code  0x08001cec     0xa  cexit.o [5]
  .text              ro code  0x08001cf8    0x14  exit.o [6]
  .rodata            const    0x08001d0c    0x10  system_stm32f4xx.o [1]
  .text              ro code  0x08001d1c    0x10  startup_stm32f407xx.o [1]
  .text              ro code  0x08001d2c     0xc  cstartup_M.o [5]
  .text              ro code  0x08001d38     0x4  startup_stm32f407xx.o [1]
  .text              ro code  0x08001d3c     0x4  startup_stm32f407xx.o [1]
  .text              ro code  0x08001d40     0x4  startup_stm32f407xx.o [1]
  .text              ro code  0x08001d44     0x4  startup_stm32f407xx.o [1]
  .text              ro code  0x08001d48     0x4  startup_stm32f407xx.o [1]
  .text              ro code  0x08001d4c     0x4  startup_stm32f407xx.o [1]
  .text              ro code  0x08001d50     0x4  startup_stm32f407xx.o [1]
  .text              ro code  0x08001d54     0x4  startup_stm32f407xx.o [1]
  .text              ro code  0x08001d58     0x4  startup_stm32f407xx.o [1]
  .text              ro code  0x08001d5c     0x4  startup_stm32f407xx.o [1]
  .text              ro code  0x08001d60     0x4  startup_stm32f407xx.o [1]
  .text              ro code  0x08001d64     0x4  startup_stm32f407xx.o [1]
  .text              ro code  0x08001d68     0x4  startup_stm32f407xx.o [1]
  .text              ro code  0x08001d6c     0x4  startup_stm32f407xx.o [1]
  .text              ro code  0x08001d70     0x4  startup_stm32f407xx.o [1]
  .text              ro code  0x08001d74     0x4  startup_stm32f407xx.o [1]
  .text              ro code  0x08001d78     0x4  startup_stm32f407xx.o [1]
  .text              ro code  0x08001d7c     0x4  startup_stm32f407xx.o [1]
  .text              ro code  0x08001d80     0x4  startup_stm32f407xx.o [1]
  .text              ro code  0x08001d84     0x4  startup_stm32f407xx.o [1]
  .text              ro code  0x08001d88     0x4  startup_stm32f407xx.o [1]
  .text              ro code  0x08001d8c     0x4  startup_stm32f407xx.o [1]
  .text              ro code  0x08001d90     0x4  startup_stm32f407xx.o [1]
  .text              ro code  0x08001d94     0x4  startup_stm32f407xx.o [1]
  .text              ro code  0x08001d98     0x4  startup_stm32f407xx.o [1]
  .text              ro code  0x08001d9c     0x4  startup_stm32f407xx.o [1]
  .text              ro code  0x08001da0     0x4  startup_stm32f407xx.o [1]
  .text              ro code  0x08001da4     0x4  startup_stm32f407xx.o [1]
  .text              ro code  0x08001da8     0x4  startup_stm32f407xx.o [1]
  .text              ro code  0x08001dac     0x4  startup_stm32f407xx.o [1]
  .text              ro code  0x08001db0     0x4  startup_stm32f407xx.o [1]
  .text              ro code  0x08001db4     0x4  startup_stm32f407xx.o [1]
  .text              ro code  0x08001db8     0x4  startup_stm32f407xx.o [1]
  .text              ro code  0x08001dbc     0x4  startup_stm32f407xx.o [1]
  .text              ro code  0x08001dc0     0x4  startup_stm32f407xx.o [1]
  .text              ro code  0x08001dc4     0x4  startup_stm32f407xx.o [1]
  .text              ro code  0x08001dc8     0x4  startup_stm32f407xx.o [1]
  .text              ro code  0x08001dcc     0x4  startup_stm32f407xx.o [1]
  .text              ro code  0x08001dd0     0x4  startup_stm32f407xx.o [1]
  .text              ro code  0x08001dd4     0x4  startup_stm32f407xx.o [1]
  .text              ro code  0x08001dd8     0x4  startup_stm32f407xx.o [1]
  .text              ro code  0x08001ddc     0x4  startup_stm32f407xx.o [1]
  .text              ro code  0x08001de0     0x4  startup_stm32f407xx.o [1]
  .text              ro code  0x08001de4     0x4  startup_stm32f407xx.o [1]
  .text              ro code  0x08001de8     0x4  startup_stm32f407xx.o [1]
  .text              ro code  0x08001dec     0x4  startup_stm32f407xx.o [1]
  .text              ro code  0x08001df0     0x4  startup_stm32f407xx.o [1]
  .text              ro code  0x08001df4     0x4  startup_stm32f407xx.o [1]
  .text              ro code  0x08001df8     0x4  startup_stm32f407xx.o [1]
  .text              ro code  0x08001dfc     0x4  startup_stm32f407xx.o [1]
  .text              ro code  0x08001e00     0x4  startup_stm32f407xx.o [1]
  .text              ro code  0x08001e04     0x4  startup_stm32f407xx.o [1]
  .text              ro code  0x08001e08     0x4  startup_stm32f407xx.o [1]
  .text              ro code  0x08001e0c     0x4  startup_stm32f407xx.o [1]
  .text              ro code  0x08001e10     0x4  startup_stm32f407xx.o [1]
  .text              ro code  0x08001e14     0x4  startup_stm32f407xx.o [1]
  .text              ro code  0x08001e18     0x4  startup_stm32f407xx.o [1]
  .text              ro code  0x08001e1c     0x4  startup_stm32f407xx.o [1]
  .text              ro code  0x08001e20     0x4  startup_stm32f407xx.o [1]
  .text              ro code  0x08001e24     0x4  startup_stm32f407xx.o [1]
  .text              ro code  0x08001e28     0x4  startup_stm32f407xx.o [1]
  .text              ro code  0x08001e2c     0x4  startup_stm32f407xx.o [1]
  .text              ro code  0x08001e30     0x4  startup_stm32f407xx.o [1]
  .text              ro code  0x08001e34     0x4  startup_stm32f407xx.o [1]
  .text              ro code  0x08001e38     0x4  startup_stm32f407xx.o [1]
  .text              ro code  0x08001e3c     0x4  startup_stm32f407xx.o [1]
  .text              ro code  0x08001e40     0x4  startup_stm32f407xx.o [1]
  .text              ro code  0x08001e44     0x4  startup_stm32f407xx.o [1]
  .text              ro code  0x08001e48     0x4  startup_stm32f407xx.o [1]
  .text              ro code  0x08001e4c     0x4  startup_stm32f407xx.o [1]
  .text              ro code  0x08001e50     0x4  startup_stm32f407xx.o [1]
  .text              ro code  0x08001e54     0x4  startup_stm32f407xx.o [1]
  .text              ro code  0x08001e58     0x4  startup_stm32f407xx.o [1]
  .text              ro code  0x08001e5c     0x4  startup_stm32f407xx.o [1]
  .text              ro code  0x08001e60     0x4  startup_stm32f407xx.o [1]
  .text              ro code  0x08001e64     0x4  startup_stm32f407xx.o [1]
  .text              ro code  0x08001e68     0x4  startup_stm32f407xx.o [1]
  .text              ro code  0x08001e6c     0x4  startup_stm32f407xx.o [1]
  .text              ro code  0x08001e70     0x4  startup_stm32f407xx.o [1]
  .text              ro code  0x08001e74     0x4  startup_stm32f407xx.o [1]
  .text              ro code  0x08001e78     0x4  startup_stm32f407xx.o [1]
  .text              ro code  0x08001e7c     0x4  startup_stm32f407xx.o [1]
  .text              ro code  0x08001e80     0x4  startup_stm32f407xx.o [1]
  .text              ro code  0x08001e84     0x4  startup_stm32f407xx.o [1]
  .text              ro code  0x08001e88     0x4  startup_stm32f407xx.o [1]
  .text              ro code  0x08001e8c     0x4  startup_stm32f407xx.o [1]
  .rodata            const    0x08001e90     0x0  packbits_init_single.o [5]
  Initializer bytes  const    0x08001e90     0x6  <for P2-1>
                            - 0x08001e96  0x1d0e

"P2", part 1 of 2:                          0x50
  P2-1                        0x20000000    0x50  <Init block>
    .data            inited   0x20000000     0x4  system_stm32f4xx.o [1]
    .bss             inited   0x20000004    0x3c  main.o [1]
    .bss             inited   0x20000040     0x4  main.o [1]
    .bss             inited   0x20000044     0x4  main.o [1]
    .bss             inited   0x20000048     0x4  main.o [1]
    .bss             inited   0x2000004c     0x4  stm32f4xx_hal.o [1]
                            - 0x20000050    0x50

"P2", part 2 of 2:                         0x400
  CSTACK                      0x20000050   0x400  <Block>
    CSTACK           uninit   0x20000050   0x400  <Block tail>
                            - 0x20000450   0x400


*******************************************************************************
*** INIT TABLE
***

          Address     Size
          -------     ----
Copy/packbits (__iar_packbits_init_single3)
    1 source range, total size 0x6 (7% of destination):
          0x08001e90   0x6
    1 destination range, total size 0x50:
          0x20000000  0x50



*******************************************************************************
*** MODULE SUMMARY
***

    Module                  ro code  ro data  rw data
    ------                  -------  -------  -------
C:\Users\gunho\Desktop\Motor_Followerl_with_Encoder\EWARM\Motor_Followerl_with_Encoder\Obj: [1]
    main.o                    1 054       69       72
    startup_stm32f407xx.o       752
    stm32f4xx_hal.o             132        1        4
    stm32f4xx_hal_cortex.o      338
    stm32f4xx_hal_gpio.o        622
    stm32f4xx_hal_msp.o         208
    stm32f4xx_hal_rcc.o       1 400
    stm32f4xx_hal_tim.o       2 010
    stm32f4xx_hal_tim_ex.o        4
    stm32f4xx_it.o              312
    system_stm32f4xx.o          108       16        4
    -------------------------------------------------
    Total:                    6 940       86       80

command line: [2]
    -------------------------------------------------
    Total:

dl7M_tlf.a: [3]
    exit.o                        4
    low_level_init.o              4
    -------------------------------------------------
    Total:                        8

m7M_tls.a: [4]
    fpinit_M.o                   34
    -------------------------------------------------
    Total:                       34

rt7M_tl.a: [5]
    I64DivMod.o                 558
    I64DivZer.o                   2
    cexit.o                      10
    cmain.o                      30
    cstartup_M.o                 12
    data_init.o                  40
    packbits_init_single.o       56
    -------------------------------------------------
    Total:                      708

shb_l.a: [6]
    exit.o                       20
    -------------------------------------------------
    Total:                       20

    Gaps                         16        2
    Linker created                        16    1 024
-----------------------------------------------------
    Grand Total:              7 726      104    1 104


*******************************************************************************
*** ENTRY LIST
***

Entry                      Address   Size  Type      Object
-----                      -------   ----  ----      ------
.iar.init_table$$Base   0x08001cb4          --   Gb  - Linker created -
.iar.init_table$$Limit  0x08001cc4          --   Gb  - Linker created -
?main                   0x08001cc5         Code  Gb  cmain.o [5]
AHBPrescTable           0x08001d0c   0x10  Data  Gb  system_stm32f4xx.o [1]
CSTACK$$Base            0x20000050          --   Gb  - Linker created -
CSTACK$$Limit           0x20000450          --   Gb  - Linker created -
EXTI0_IRQHandler        0x08001a49   0x84  Code  Gb  stm32f4xx_it.o [1]
EXTI1_IRQHandler        0x08001acd   0x84  Code  Gb  stm32f4xx_it.o [1]
HAL_GPIO_EXTI_IRQHandler
                        0x08000d9b   0x1e  Code  Gb  stm32f4xx_hal_gpio.o [1]
HAL_GPIO_Init           0x08000b8d  0x1e8  Code  Gb  stm32f4xx_hal_gpio.o [1]
HAL_GPIO_ReadPin        0x08000d75   0x12  Code  Gb  stm32f4xx_hal_gpio.o [1]
HAL_GPIO_WritePin       0x08000d87   0x14  Code  Gb  stm32f4xx_hal_gpio.o [1]
HAL_GetTick             0x080017fd    0xc  Code  Wk  stm32f4xx_hal.o [1]
HAL_IncTick             0x08001b75   0x10  Code  Wk  stm32f4xx_hal.o [1]
HAL_Init                0x0800121d   0x3a  Code  Gb  stm32f4xx_hal.o [1]
HAL_InitTick            0x080017d5   0x28  Code  Wk  stm32f4xx_hal.o [1]
HAL_MspInit             0x08000959   0x5e  Code  Gb  stm32f4xx_hal_msp.o [1]
HAL_NVIC_EnableIRQ      0x08000b2d    0xa  Code  Gb  stm32f4xx_hal_cortex.o [1]
HAL_NVIC_SetPriority    0x08000b0b   0x22  Code  Gb  stm32f4xx_hal_cortex.o [1]
HAL_NVIC_SetPriorityGrouping
                        0x08000b03    0x8  Code  Gb  stm32f4xx_hal_cortex.o [1]
HAL_RCC_ClockConfig     0x080015e9  0x14a  Code  Gb  stm32f4xx_hal_rcc.o [1]
HAL_RCC_GetHCLKFreq     0x08001733    0x6  Code  Gb  stm32f4xx_hal_rcc.o [1]
HAL_RCC_OscConfig       0x0800125d  0x38c  Code  Wk  stm32f4xx_hal_rcc.o [1]
HAL_SYSTICK_CLKSourceConfig
                        0x08000b3f   0x20  Code  Gb  stm32f4xx_hal_cortex.o [1]
HAL_SYSTICK_Config      0x08000b37    0x8  Code  Gb  stm32f4xx_hal_cortex.o [1]
HAL_SYSTICK_IRQHandler  0x08000b81    0x8  Code  Gb  stm32f4xx_hal_cortex.o [1]
HAL_TIMEx_BreakCallback
                        0x08000a33    0x2  Code  Wk  stm32f4xx_hal_tim_ex.o [1]
HAL_TIMEx_CommutationCallback
                        0x08000a37    0x2  Code  Wk  stm32f4xx_hal_tim_ex.o [1]
HAL_TIM_Base_Init       0x08000189   0x38  Code  Gb  stm32f4xx_hal_tim.o [1]
HAL_TIM_Base_MspInit    0x080009b7   0x38  Code  Gb  stm32f4xx_hal_msp.o [1]
HAL_TIM_Base_Start_IT   0x080001c1   0x1c  Code  Gb  stm32f4xx_hal_tim.o [1]
HAL_TIM_ConfigClockSource
                        0x080004d7  0x118  Code  Gb  stm32f4xx_hal_tim.o [1]
HAL_TIM_IRQHandler      0x08000265  0x176  Code  Gb  stm32f4xx_hal_tim.o [1]
HAL_TIM_MspPostInit     0x080009ef   0x2c  Code  Gb  stm32f4xx_hal_msp.o [1]
HAL_TIM_PWM_ConfigChannel
                        0x080003db   0xfc  Code  Gb  stm32f4xx_hal_tim.o [1]
HAL_TIM_PWM_Init        0x080001dd   0x38  Code  Gb  stm32f4xx_hal_tim.o [1]
HAL_TIM_PWM_Start       0x08000215   0x48  Code  Gb  stm32f4xx_hal_tim.o [1]
MX_GPIO_Init            0x08000f91  0x258  Code  Lc  main.o [1]
MX_TIM9_Init            0x08000efd   0x94  Code  Lc  main.o [1]
NVIC_EnableIRQ          0x08000a5f   0x14  Code  Lc  stm32f4xx_hal_cortex.o [1]
NVIC_EncodePriority     0x08000a97   0x3e  Code  Lc  stm32f4xx_hal_cortex.o [1]
NVIC_GetPriorityGrouping
                        0x08000a55    0xa  Code  Lc  stm32f4xx_hal_cortex.o [1]
NVIC_SetPriority        0x08000a73   0x24  Code  Lc  stm32f4xx_hal_cortex.o [1]
NVIC_SetPriorityGrouping
                        0x08000a39   0x1c  Code  Lc  stm32f4xx_hal_cortex.o [1]
Region$$Table$$Base     0x08001cb4          --   Gb  - Linker created -
Region$$Table$$Limit    0x08001cc4          --   Gb  - Linker created -
SysTick_Config          0x08000ad5   0x2e  Code  Lc  stm32f4xx_hal_cortex.o [1]
SysTick_Handler         0x08001a3d    0xc  Code  Gb  stm32f4xx_it.o [1]
SystemClock_Config      0x08000e2d   0xd0  Code  Gb  main.o [1]
SystemCoreClock         0x20000000    0x4  Data  Gb  system_stm32f4xx.o [1]
SystemInit              0x08001b85   0x4c  Code  Gb  system_stm32f4xx.o [1]
TIM1_BRK_TIM9_IRQHandler
                        0x08001b51   0x10  Code  Gb  stm32f4xx_it.o [1]
TIM_Base_SetConfig      0x080005ef   0xe8  Code  Gb  stm32f4xx_hal_tim.o [1]
TIM_CCxChannelCmd       0x0800074d   0x1e  Code  Gb  stm32f4xx_hal_tim.o [1]
TIM_ETR_SetConfig       0x0800093f   0x18  Code  Lc  stm32f4xx_hal_tim.o [1]
TIM_ITRx_SetConfig      0x0800092b   0x14  Code  Lc  stm32f4xx_hal_tim.o [1]
TIM_OC1_SetConfig       0x0800076d   0x6c  Code  Lc  stm32f4xx_hal_tim.o [1]
TIM_OC2_SetConfig       0x080006d7   0x76  Code  Gb  stm32f4xx_hal_tim.o [1]
TIM_OC3_SetConfig       0x080007d9   0x74  Code  Lc  stm32f4xx_hal_tim.o [1]
TIM_OC4_SetConfig       0x0800084d   0x5e  Code  Lc  stm32f4xx_hal_tim.o [1]
TIM_TI1_ConfigInputStage
                        0x080008d9   0x28  Code  Lc  stm32f4xx_hal_tim.o [1]
TIM_TI2_ConfigInputStage
                        0x08000901   0x2a  Code  Lc  stm32f4xx_hal_tim.o [1]
_Error_Handler          0x08001219    0x2  Code  Gb  main.o [1]
__aeabi_ldiv0           0x08001a39         Code  Gb  I64DivZer.o [5]
__aeabi_uldivmod        0x08001809         Code  Gb  I64DivMod.o [5]
__cmain                 0x08001cc5         Code  Gb  cmain.o [5]
__exit                  0x08001cf9   0x14  Code  Gb  exit.o [6]
__iar_data_init3        0x08001c69   0x28  Code  Gb  data_init.o [5]
__iar_init_vfp          0x08001c91         Code  Gb  fpinit_M.o [4]
__iar_packbits_init_single3
                        0x08001c31   0x38  Code  Gb  packbits_init_single.o [5]
__iar_program_start     0x08001d2d         Code  Gb  cstartup_M.o [5]
__iar_systems$$module {Abs}
                        0x00000001         Data  Gb  command line/config [2]
__low_level_init        0x08001ce3    0x4  Code  Gb  low_level_init.o [3]
__vector_table          0x08000000         Data  Gb  startup_stm32f407xx.o [1]
_call_main              0x08001cd1         Code  Gb  cmain.o [5]
_exit                   0x08001ced         Code  Gb  cexit.o [5]
_main                   0x08001cdf         Code  Gb  cmain.o [5]
click_num               0x20000040    0x4  Data  Gb  main.o [1]
comp                    0x20000048    0x4  Data  Gb  main.o [1]
exit                    0x08001ce7    0x4  Code  Gb  exit.o [3]
flag                    0x20000044    0x4  Data  Gb  main.o [1]
htim9                   0x20000004   0x3c  Data  Gb  main.o [1]
main                    0x08000dfd   0x30  Code  Gb  main.o [1]
uwTick                  0x2000004c    0x4  Data  Gb  stm32f4xx_hal.o [1]


[1] = C:\Users\gunho\Desktop\Motor_Followerl_with_Encoder\EWARM\Motor_Followerl_with_Encoder\Obj
[2] = command line
[3] = dl7M_tlf.a
[4] = m7M_tls.a
[5] = rt7M_tl.a
[6] = shb_l.a

  7 726 bytes of readonly  code memory
    104 bytes of readonly  data memory
  1 104 bytes of readwrite data memory

Errors: none
Warnings: none
